// Jest Snapshot v1, https://goo.gl/fbAQLP

exports[`templates routes /api/templates/setasdefault should have a validation schema 1`] = `
Object {
  "children": Object {
    "_id": Object {
      "flags": Object {
        "presence": "required",
      },
      "invalids": Array [
        "",
      ],
      "type": "string",
    },
  },
  "type": "object",
}
`;

exports[`templates routes /templates/count_by_thesauri should have a validation schema 1`] = `
Object {
  "children": Object {
    "_id": Object {
      "flags": Object {
        "presence": "required",
      },
      "invalids": Array [
        "",
      ],
      "type": "string",
    },
  },
  "flags": Object {
    "presence": "required",
  },
  "type": "object",
}
`;

exports[`templates routes DELETE should have a validation schema 1`] = `
Object {
  "children": Object {
    "_id": Object {
      "flags": Object {
        "presence": "required",
      },
      "invalids": Array [
        "",
      ],
      "type": "string",
    },
  },
  "flags": Object {
    "presence": "required",
  },
  "type": "object",
}
`;

exports[`templates routes POST should have a validation schema 1`] = `
Object {
  "children": Object {
    "__v": Object {
      "invalids": Array [
        Infinity,
        -Infinity,
      ],
      "type": "number",
    },
    "_id": Object {
      "invalids": Array [
        "",
      ],
      "type": "string",
    },
    "commonProperties": Object {
      "flags": Object {
        "sparse": false,
      },
      "items": Array [
        Object {
          "children": Object {
            "_id": Object {
              "invalids": Array [
                "",
              ],
              "type": "string",
            },
            "isCommonProperty": Object {
              "falsy": Array [
                false,
              ],
              "flags": Object {
                "insensitive": true,
              },
              "truthy": Array [
                true,
              ],
              "type": "boolean",
            },
            "label": Object {
              "invalids": Array [
                "",
              ],
              "type": "string",
            },
            "localID": Object {
              "invalids": Array [
                "",
              ],
              "type": "string",
            },
            "name": Object {
              "invalids": Array [
                "",
              ],
              "type": "string",
            },
            "prioritySorting": Object {
              "falsy": Array [
                false,
              ],
              "flags": Object {
                "insensitive": true,
              },
              "truthy": Array [
                true,
              ],
              "type": "boolean",
            },
            "type": Object {
              "invalids": Array [
                "",
              ],
              "type": "string",
            },
          },
          "type": "object",
        },
      ],
      "type": "array",
    },
    "default": Object {
      "falsy": Array [
        false,
      ],
      "flags": Object {
        "insensitive": true,
      },
      "truthy": Array [
        true,
      ],
      "type": "boolean",
    },
    "name": Object {
      "flags": Object {
        "presence": "required",
      },
      "invalids": Array [
        "",
      ],
      "type": "string",
    },
    "properties": Object {
      "flags": Object {
        "presence": "required",
        "sparse": false,
      },
      "items": Array [
        Object {
          "children": Object {
            "_id": Object {
              "invalids": Array [
                "",
              ],
              "type": "string",
            },
            "content": Object {
              "type": "string",
              "valids": Array [
                "",
              ],
            },
            "defaultfilter": Object {
              "falsy": Array [
                false,
              ],
              "flags": Object {
                "insensitive": true,
              },
              "truthy": Array [
                true,
              ],
              "type": "boolean",
            },
            "filter": Object {
              "falsy": Array [
                false,
              ],
              "flags": Object {
                "insensitive": true,
              },
              "truthy": Array [
                true,
              ],
              "type": "boolean",
            },
            "fullWidth": Object {
              "falsy": Array [
                false,
              ],
              "flags": Object {
                "insensitive": true,
              },
              "truthy": Array [
                true,
              ],
              "type": "boolean",
            },
            "id": Object {
              "invalids": Array [
                "",
              ],
              "type": "string",
            },
            "inserting": Object {
              "type": "any",
            },
            "label": Object {
              "invalids": Array [
                "",
              ],
              "type": "string",
            },
            "localID": Object {
              "invalids": Array [
                "",
              ],
              "type": "string",
            },
            "name": Object {
              "invalids": Array [
                "",
              ],
              "type": "string",
            },
            "nestedProperties": Object {
              "flags": Object {
                "sparse": false,
              },
              "type": "array",
            },
            "noLabel": Object {
              "falsy": Array [
                false,
              ],
              "flags": Object {
                "insensitive": true,
              },
              "truthy": Array [
                true,
              ],
              "type": "boolean",
            },
            "prioritySorting": Object {
              "falsy": Array [
                false,
              ],
              "flags": Object {
                "insensitive": true,
              },
              "truthy": Array [
                true,
              ],
              "type": "boolean",
            },
            "relationType": Object {
              "invalids": Array [
                "",
              ],
              "type": "string",
            },
            "required": Object {
              "falsy": Array [
                false,
              ],
              "flags": Object {
                "insensitive": true,
              },
              "truthy": Array [
                true,
              ],
              "type": "boolean",
            },
            "showInCard": Object {
              "falsy": Array [
                false,
              ],
              "flags": Object {
                "insensitive": true,
              },
              "truthy": Array [
                true,
              ],
              "type": "boolean",
            },
            "sortable": Object {
              "falsy": Array [
                false,
              ],
              "flags": Object {
                "insensitive": true,
              },
              "truthy": Array [
                true,
              ],
              "type": "boolean",
            },
            "style": Object {
              "invalids": Array [
                "",
              ],
              "type": "string",
            },
            "type": Object {
              "invalids": Array [
                "",
              ],
              "type": "string",
            },
          },
          "type": "object",
        },
      ],
      "type": "array",
    },
  },
  "flags": Object {
    "presence": "required",
  },
  "type": "object",
}
`;
